Component: ARM Compiler 5.06 update 6 (build 750) Tool: armlink [4d35ed]

==============================================================================

Section Cross References

    main.o(i.PORTA_IRQHandler) refers to main.o(.data) for change
    main.o(i.PORTD_IRQHandler) refers to main.o(.data) for pulsos
    main.o(i.SysTick_Handler) refers to main.o(.data) for countMS
    main.o(i.UART0_IRQHandler) refers to main.o(.data) for c
    main.o(i.UART0_IRQHandler) refers to main.o(.bss) for msg
    main.o(i._Z14uartSendStringiii) refers to aeabi_sdiv.o(.text) for __aeabi_idivmod
    main.o(i._Z14uartSendStringiii) refers to strcat.o(.text) for strcat
    main.o(i._Z14uartSendStringiii) refers to strlen.o(.text) for strlen
    main.o(i._Z14uartSendStringiii) refers to main.o(.bss) for msg
    main.o(i._Z14uartSendStringiii) refers to main.o(.data) for msgLength
    main.o(i._Z8uartInitv) refers to main.o(i._Z16__NVIC_EnableIRQ4IRQn) for __NVIC_EnableIRQ(IRQn)
    main.o(i._Z8uartInitv) refers to aeabi_sdiv.o(.text) for __aeabi_idivmod
    main.o(i._Z8uartInitv) refers to main.o(.data) for clockUART
    main.o(i.main) refers to system_mkl25z4.o(i.SystemCoreClockUpdate) for SystemCoreClockUpdate
    main.o(i.main) refers to aeabi_sdiv.o(.text) for __aeabi_uidivmod
    main.o(i.main) refers to main.o(i._Z18__NVIC_SetPriority4IRQnj) for __NVIC_SetPriority(IRQn, unsigned)
    main.o(i.main) refers to main.o(i._ZN5Motor9motorInitEv) for Motor::motorInit()
    main.o(i.main) refers to main.o(i._Z16__NVIC_EnableIRQ4IRQn) for __NVIC_EnableIRQ(IRQn)
    main.o(i.main) refers to main.o(i._ZN7Encoder14setVelMeasuredEii) for Encoder::setVelMeasured(int, int)
    main.o(i.main) refers to main.o(i._Z8uartInitv) for uartInit()
    main.o(i.main) refers to main.o(i._ZN13Potentiometer11setSetpointEv) for Potentiometer::setSetpoint()
    main.o(i.main) refers to main.o(i._ZN13Potentiometer11getSetpointEv) for Potentiometer::getSetpoint()
    main.o(i.main) refers to main.o(i._Z14uartSendStringiii) for uartSendString(int, int, int)
    main.o(i.main) refers to main.o(i.__ARM_common_switch8) for __ARM_common_switch8
    main.o(i.main) refers to main.o(i._ZN5Motor10setSentidoEi) for Motor::setSentido(int)
    main.o(i.main) refers to main.o(i._ZN7Encoder14getVelMeasuredEv) for Encoder::getVelMeasured()
    main.o(i.main) refers to fflti.o(.text) for __aeabi_i2f
    main.o(i.main) refers to faddsub.o(x$fpl$fsub) for __aeabi_fsub
    main.o(i.main) refers to fmul.o(x$fpl$fmul) for __aeabi_fmul
    main.o(i.main) refers to faddsub.o(x$fpl$fadd) for __aeabi_fadd
    main.o(i.main) refers to faddsub.o(x$fpl$frsb) for __aeabi_frsub
    main.o(i.main) refers to fdiv.o(.text) for __aeabi_fdiv
    main.o(i.main) refers to frlef.o(x$fpl$frleqf) for __aeabi_cfrcmple
    main.o(i.main) refers to flef.o(x$fpl$fleqf) for __aeabi_cfcmple
    main.o(i.main) refers to ffixui.o(.text) for __aeabi_f2uiz
    main.o(i.main) refers to system_mkl25z4.o(.data) for SystemCoreClock
    main.o(i.main) refers to main.o(.data) for countMS
    main.o(i.main) refers to main.o(i._ZN5Motor10brakeMotorEv) for Motor::brakeMotor()
    main.o(i.main) refers to feqf.o(x$fpl$feqf) for __aeabi_cfcmpeq
    main.o(i.main) refers to ffixi.o(.text) for __aeabi_f2iz
    main.o(.ARM.exidx) refers to main.o(i._Z8uartInitv) for i._Z8uartInitv
    main.o(.ARM.exidx) refers to main.o(i._Z14uartSendStringiii) for i._Z14uartSendStringiii
    main.o(.ARM.exidx) refers to main.o(i.UART0_IRQHandler) for i.UART0_IRQHandler
    main.o(.ARM.exidx) refers to main.o(i.SysTick_Handler) for i.SysTick_Handler
    main.o(.ARM.exidx) refers to main.o(i.PORTA_IRQHandler) for i.PORTA_IRQHandler
    main.o(.ARM.exidx) refers to main.o(i.PORTD_IRQHandler) for i.PORTD_IRQHandler
    main.o(.ARM.exidx) refers to main.o(i.main) for i.main
    main.o(.ARM.exidx) refers to main.o(i._Z16__NVIC_EnableIRQ4IRQn) for i._Z16__NVIC_EnableIRQ4IRQn
    main.o(.ARM.exidx) refers to main.o(i._Z18__NVIC_SetPriority4IRQnj) for i._Z18__NVIC_SetPriority4IRQnj
    startup_mkl25z4.o(STACK) refers (Special) to heapauxi.o(.text) for __use_two_region_memory
    startup_mkl25z4.o(HEAP) refers (Special) to heapauxi.o(.text) for __use_two_region_memory
    startup_mkl25z4.o(RESET) refers (Special) to heapauxi.o(.text) for __use_two_region_memory
    startup_mkl25z4.o(RESET) refers to startup_mkl25z4.o(STACK) for __initial_sp
    startup_mkl25z4.o(RESET) refers to startup_mkl25z4.o(.text) for Reset_Handler
    startup_mkl25z4.o(RESET) refers to main.o(i.SysTick_Handler) for SysTick_Handler
    startup_mkl25z4.o(RESET) refers to main.o(i.UART0_IRQHandler) for UART0_IRQHandler
    startup_mkl25z4.o(RESET) refers to main.o(i.PORTA_IRQHandler) for PORTA_IRQHandler
    startup_mkl25z4.o(RESET) refers to main.o(i.PORTD_IRQHandler) for PORTD_IRQHandler
    startup_mkl25z4.o(.ARM.__at_0x400) refers (Special) to heapauxi.o(.text) for __use_two_region_memory
    startup_mkl25z4.o(.text) refers (Special) to heapauxi.o(.text) for __use_two_region_memory
    startup_mkl25z4.o(.text) refers to system_mkl25z4.o(i.SystemInit) for SystemInit
    startup_mkl25z4.o(.text) refers to __main.o(!!!main) for __main
    startup_mkl25z4.o(.text) refers to startup_mkl25z4.o(HEAP) for Heap_Mem
    startup_mkl25z4.o(.text) refers to startup_mkl25z4.o(STACK) for Stack_Mem
    system_mkl25z4.o(i.SystemCoreClockUpdate) refers to aeabi_sdiv.o(.text) for __aeabi_uidivmod
    system_mkl25z4.o(i.SystemCoreClockUpdate) refers to main.o(i.__ARM_common_switch8) for __ARM_common_switch8
    system_mkl25z4.o(i.SystemCoreClockUpdate) refers to system_mkl25z4.o(.data) for SystemCoreClock
    __main.o(!!!main) refers to __rtentry.o(.ARM.Collect$$rtentry$$00000000) for __rt_entry
    faddsub.o(x$fpl$fadd) refers (Special) to usenofp.o(x$fpl$usenofp) for __I$use$fp
    faddsub.o(x$fpl$fadd) refers to faddsub.o(x$fpl$fsub) for _fsub1
    faddsub.o(x$fpl$frsb) refers (Special) to usenofp.o(x$fpl$usenofp) for __I$use$fp
    faddsub.o(x$fpl$frsb) refers to faddsub.o(x$fpl$fsub) for _fsub1
    faddsub.o(x$fpl$frsb) refers to faddsub.o(x$fpl$fadd) for _fadd1
    faddsub.o(x$fpl$fsub) refers (Special) to usenofp.o(x$fpl$usenofp) for __I$use$fp
    faddsub.o(x$fpl$fsub) refers to faddsub.o(x$fpl$fadd) for _fadd1
    fdiv.o(.text) refers (Special) to usenofp.o(x$fpl$usenofp) for __I$use$fp
    fdiv.o(.text) refers to fdiv.o(.constdata) for .constdata
    fdiv.o(.constdata) refers (Special) to usenofp.o(x$fpl$usenofp) for __I$use$fp
    feqf.o(x$fpl$feqf) refers (Special) to usenofp.o(x$fpl$usenofp) for __I$use$fp
    feqf.o(x$fpl$feqf) refers to fcmpin.o(.text) for __fpl_fcmp_InfNaN
    ffixi.o(.text) refers (Special) to usenofp.o(x$fpl$usenofp) for __I$use$fp
    ffixui.o(.text) refers (Special) to usenofp.o(x$fpl$usenofp) for __I$use$fp
    fflti.o(.text) refers (Special) to usenofp.o(x$fpl$usenofp) for __I$use$fp
    flef.o(x$fpl$fleqf) refers (Special) to usenofp.o(x$fpl$usenofp) for __I$use$fp
    flef.o(x$fpl$fleqf) refers to fcmpin.o(.text) for __fpl_fcmp_InfNaN
    fmul.o(x$fpl$fmul) refers (Special) to usenofp.o(x$fpl$usenofp) for __I$use$fp
    frlef.o(x$fpl$frleqf) refers (Special) to usenofp.o(x$fpl$usenofp) for __I$use$fp
    frlef.o(x$fpl$frleqf) refers to fcmpin.o(.text) for __fpl_fcmp_InfNaN
    __rtentry.o(.ARM.Collect$$rtentry$$00000000) refers (Special) to __rtentry2.o(.ARM.Collect$$rtentry$$0000000A) for __rt_entry_li
    __rtentry.o(.ARM.Collect$$rtentry$$00000000) refers (Special) to __rtentry2.o(.ARM.Collect$$rtentry$$0000000D) for __rt_entry_main
    __rtentry.o(.ARM.Collect$$rtentry$$00000000) refers (Special) to __rtentry2.o(.ARM.Collect$$rtentry$$0000000C) for __rt_entry_postli_1
    __rtentry.o(.ARM.Collect$$rtentry$$00000000) refers (Special) to __rtentry2.o(.ARM.Collect$$rtentry$$00000009) for __rt_entry_postsh_1
    __rtentry.o(.ARM.Collect$$rtentry$$00000000) refers (Special) to __rtentry2.o(.ARM.Collect$$rtentry$$00000002) for __rt_entry_presh_1
    __rtentry.o(.ARM.Collect$$rtentry$$00000000) refers (Special) to __rtentry4.o(.ARM.Collect$$rtentry$$00000004) for __rt_entry_sh
    aeabi_idiv0_sigfpe.o(.text) refers to rt_div0.o(.text) for __rt_div0
    fcmpin.o(.text) refers (Special) to usenofp.o(x$fpl$usenofp) for __I$use$fp
    fcmpin.o(.text) refers to cmpret.o(.text) for __fpl_cmpreturn
    fcmpin.o(.text) refers to fnan2.o(.text) for __fpl_fcheck_NaN2
    __rtentry2.o(.ARM.Collect$$rtentry$$00000008) refers to boardinit2.o(.text) for _platform_post_stackheap_init
    __rtentry2.o(.ARM.Collect$$rtentry$$0000000A) refers to libinit.o(.ARM.Collect$$libinit$$00000000) for __rt_lib_init
    __rtentry2.o(.ARM.Collect$$rtentry$$0000000B) refers to boardinit3.o(.text) for _platform_post_lib_init
    __rtentry2.o(.ARM.Collect$$rtentry$$0000000D) refers to main.o(i.main) for main
    __rtentry2.o(.ARM.Collect$$rtentry$$0000000D) refers to exit.o(.text) for exit
    __rtentry2.o(.ARM.exidx) refers to __rtentry2.o(.ARM.Collect$$rtentry$$00000001) for .ARM.Collect$$rtentry$$00000001
    __rtentry2.o(.ARM.exidx) refers to __rtentry2.o(.ARM.Collect$$rtentry$$00000008) for .ARM.Collect$$rtentry$$00000008
    __rtentry2.o(.ARM.exidx) refers to __rtentry2.o(.ARM.Collect$$rtentry$$0000000A) for .ARM.Collect$$rtentry$$0000000A
    __rtentry2.o(.ARM.exidx) refers to __rtentry2.o(.ARM.Collect$$rtentry$$0000000B) for .ARM.Collect$$rtentry$$0000000B
    __rtentry2.o(.ARM.exidx) refers to __rtentry2.o(.ARM.Collect$$rtentry$$0000000D) for .ARM.Collect$$rtentry$$0000000D
    __rtentry4.o(.ARM.Collect$$rtentry$$00000004) refers to sys_stackheap_outer.o(.text) for __user_setup_stackheap
    __rtentry4.o(.ARM.exidx) refers to __rtentry4.o(.ARM.Collect$$rtentry$$00000004) for .ARM.Collect$$rtentry$$00000004
    rt_div0.o(.text) refers to defsig_fpe_outer.o(.text) for __rt_SIGFPE
    cmpret.o(.text) refers (Special) to usenofp.o(x$fpl$usenofp) for __I$use$fp
    fnan2.o(.text) refers (Special) to usenofp.o(x$fpl$usenofp) for __I$use$fp
    fnan2.o(.text) refers to retnan.o(.text) for __fpl_return_NaN
    sys_stackheap_outer.o(.text) refers to libspace.o(.text) for __user_perproc_libspace
    sys_stackheap_outer.o(.text) refers to startup_mkl25z4.o(.text) for __user_initial_stackheap
    sys_stackheap_outer.o(__vectab_stack_and_reset_area) refers to tempstk.o(.text) for __temporary_stack_top
    sys_stackheap_outer.o(__vectab_stack_and_reset_area) refers to __main.o(!!!main) for __main
    exit.o(.text) refers to rtexit.o(.ARM.Collect$$rtexit$$00000000) for __rt_exit
    defsig_fpe_outer.o(.text) refers to defsig_fpe_inner.o(.text) for __rt_SIGFPE_inner
    defsig_fpe_outer.o(.text) refers to defsig_exit.o(.text) for __sig_exit
    defsig_fpe_formal.o(.text) refers to rt_raise.o(.text) for __rt_raise
    libinit.o(.ARM.Collect$$libinit$$00000000) refers (Special) to libinit2.o(.ARM.Collect$$libinit$$0000002E) for __rt_lib_init_alloca_1
    libinit.o(.ARM.Collect$$libinit$$00000000) refers (Special) to libinit2.o(.ARM.Collect$$libinit$$0000002C) for __rt_lib_init_argv_1
    libinit.o(.ARM.Collect$$libinit$$00000000) refers (Special) to libinit2.o(.ARM.Collect$$libinit$$0000001B) for __rt_lib_init_atexit_1
    libinit.o(.ARM.Collect$$libinit$$00000000) refers (Special) to libinit2.o(.ARM.Collect$$libinit$$00000021) for __rt_lib_init_clock_1
    libinit.o(.ARM.Collect$$libinit$$00000000) refers (Special) to libinit2.o(.ARM.Collect$$libinit$$00000032) for __rt_lib_init_cpp_1
    libinit.o(.ARM.Collect$$libinit$$00000000) refers (Special) to libinit2.o(.ARM.Collect$$libinit$$00000030) for __rt_lib_init_exceptions_1
    libinit.o(.ARM.Collect$$libinit$$00000000) refers (Special) to libinit2.o(.ARM.Collect$$libinit$$00000002) for __rt_lib_init_fp_1
    libinit.o(.ARM.Collect$$libinit$$00000000) refers (Special) to libinit2.o(.ARM.Collect$$libinit$$0000001F) for __rt_lib_init_fp_trap_1
    libinit.o(.ARM.Collect$$libinit$$00000000) refers (Special) to libinit2.o(.ARM.Collect$$libinit$$00000023) for __rt_lib_init_getenv_1
    libinit.o(.ARM.Collect$$libinit$$00000000) refers (Special) to libinit2.o(.ARM.Collect$$libinit$$0000000A) for __rt_lib_init_heap_1
    libinit.o(.ARM.Collect$$libinit$$00000000) refers (Special) to libinit2.o(.ARM.Collect$$libinit$$00000011) for __rt_lib_init_lc_collate_1
    libinit.o(.ARM.Collect$$libinit$$00000000) refers (Special) to libinit2.o(.ARM.Collect$$libinit$$00000013) for __rt_lib_init_lc_ctype_1
    libinit.o(.ARM.Collect$$libinit$$00000000) refers (Special) to libinit2.o(.ARM.Collect$$libinit$$00000015) for __rt_lib_init_lc_monetary_1
    libinit.o(.ARM.Collect$$libinit$$00000000) refers (Special) to libinit2.o(.ARM.Collect$$libinit$$00000017) for __rt_lib_init_lc_numeric_1
    libinit.o(.ARM.Collect$$libinit$$00000000) refers (Special) to libinit2.o(.ARM.Collect$$libinit$$00000019) for __rt_lib_init_lc_time_1
    libinit.o(.ARM.Collect$$libinit$$00000000) refers (Special) to libinit2.o(.ARM.Collect$$libinit$$00000004) for __rt_lib_init_preinit_1
    libinit.o(.ARM.Collect$$libinit$$00000000) refers (Special) to libinit2.o(.ARM.Collect$$libinit$$0000000E) for __rt_lib_init_rand_1
    libinit.o(.ARM.Collect$$libinit$$00000000) refers (Special) to libinit2.o(.ARM.Collect$$libinit$$00000033) for __rt_lib_init_return
    libinit.o(.ARM.Collect$$libinit$$00000000) refers (Special) to libinit2.o(.ARM.Collect$$libinit$$0000001D) for __rt_lib_init_signal_1
    libinit.o(.ARM.Collect$$libinit$$00000000) refers (Special) to libinit2.o(.ARM.Collect$$libinit$$00000025) for __rt_lib_init_stdio_1
    libinit.o(.ARM.Collect$$libinit$$00000000) refers (Special) to libinit2.o(.ARM.Collect$$libinit$$0000000C) for __rt_lib_init_user_alloc_1
    retnan.o(.text) refers (Special) to usenofp.o(x$fpl$usenofp) for __I$use$fp
    retnan.o(.text) refers to cmpret.o(.text) for __fpl_cmpreturn
    libspace.o(.text) refers to libspace.o(.bss) for __libspace_start
    rtexit.o(.ARM.Collect$$rtexit$$00000000) refers (Special) to rtexit2.o(.ARM.Collect$$rtexit$$00000004) for __rt_exit_exit
    rtexit.o(.ARM.Collect$$rtexit$$00000000) refers (Special) to rtexit2.o(.ARM.Collect$$rtexit$$00000003) for __rt_exit_ls
    rtexit.o(.ARM.Collect$$rtexit$$00000000) refers (Special) to rtexit2.o(.ARM.Collect$$rtexit$$00000002) for __rt_exit_prels_1
    rtexit.o(.ARM.exidx) refers (Special) to rtexit2.o(.ARM.Collect$$rtexit$$00000004) for __rt_exit_exit
    rtexit.o(.ARM.exidx) refers (Special) to rtexit2.o(.ARM.Collect$$rtexit$$00000003) for __rt_exit_ls
    rtexit.o(.ARM.exidx) refers (Special) to rtexit2.o(.ARM.Collect$$rtexit$$00000002) for __rt_exit_prels_1
    rtexit.o(.ARM.exidx) refers to rtexit.o(.ARM.Collect$$rtexit$$00000000) for .ARM.Collect$$rtexit$$00000000
    rt_raise.o(.text) refers to __raise.o(.text) for __raise
    rt_raise.o(.text) refers to sys_exit.o(.text) for _sys_exit
    defsig_exit.o(.text) refers to sys_exit.o(.text) for _sys_exit
    defsig_fpe_inner.o(.text) refers to defsig_general.o(.text) for __default_signal_display
    libinit2.o(.ARM.Collect$$libinit$$00000010) refers to libinit2.o(.ARM.Collect$$libinit$$0000000F) for .ARM.Collect$$libinit$$0000000F
    libinit2.o(.ARM.Collect$$libinit$$00000012) refers to libinit2.o(.ARM.Collect$$libinit$$0000000F) for .ARM.Collect$$libinit$$0000000F
    libinit2.o(.ARM.Collect$$libinit$$00000014) refers to libinit2.o(.ARM.Collect$$libinit$$0000000F) for .ARM.Collect$$libinit$$0000000F
    libinit2.o(.ARM.Collect$$libinit$$00000016) refers to libinit2.o(.ARM.Collect$$libinit$$0000000F) for .ARM.Collect$$libinit$$0000000F
    libinit2.o(.ARM.Collect$$libinit$$00000018) refers to libinit2.o(.ARM.Collect$$libinit$$0000000F) for .ARM.Collect$$libinit$$0000000F
    libinit2.o(.ARM.Collect$$libinit$$00000026) refers to argv_veneer.o(.text) for __ARM_argv_veneer
    libinit2.o(.ARM.Collect$$libinit$$00000027) refers to argv_veneer.o(.text) for __ARM_argv_veneer
    sys_exit.o(.text) refers (Special) to use_no_semi.o(.text) for __I$use$semihosting
    sys_exit.o(.text) refers (Special) to indicate_semi.o(.text) for __semihosting_library_function
    rtexit2.o(.ARM.Collect$$rtexit$$00000003) refers to libshutdown.o(.ARM.Collect$$libshutdown$$00000000) for __rt_lib_shutdown
    rtexit2.o(.ARM.Collect$$rtexit$$00000004) refers to sys_exit.o(.text) for _sys_exit
    rtexit2.o(.ARM.exidx) refers to rtexit2.o(.ARM.Collect$$rtexit$$00000001) for .ARM.Collect$$rtexit$$00000001
    rtexit2.o(.ARM.exidx) refers to rtexit2.o(.ARM.Collect$$rtexit$$00000003) for .ARM.Collect$$rtexit$$00000003
    rtexit2.o(.ARM.exidx) refers to rtexit2.o(.ARM.Collect$$rtexit$$00000004) for .ARM.Collect$$rtexit$$00000004
    __raise.o(.text) refers to defsig.o(CL$$defsig) for __default_signal_handler
    defsig_general.o(.text) refers to sys_wrch.o(.text) for _ttywrch
    sys_wrch.o(.text) refers (Special) to use_no_semi.o(.text) for __I$use$semihosting
    sys_wrch.o(.text) refers (Special) to indicate_semi.o(.text) for __semihosting_library_function
    defsig.o(CL$$defsig) refers to defsig_fpe_inner.o(.text) for __rt_SIGFPE_inner
    defsig.o(CL$$defsig) refers to defsig_rtmem_inner.o(.text) for __rt_SIGRTMEM_inner
    _get_argv_nomalloc.o(.text) refers (Special) to hrguard.o(.text) for __heap_region$guard
    _get_argv_nomalloc.o(.text) refers to defsig_rtmem_outer.o(.text) for __rt_SIGRTMEM
    _get_argv_nomalloc.o(.text) refers to sys_command.o(.text) for _sys_command_string
    libshutdown.o(.ARM.Collect$$libshutdown$$00000000) refers (Special) to libshutdown2.o(.ARM.Collect$$libshutdown$$00000002) for __rt_lib_shutdown_cpp_1
    libshutdown.o(.ARM.Collect$$libshutdown$$00000000) refers (Special) to libshutdown2.o(.ARM.Collect$$libshutdown$$00000007) for __rt_lib_shutdown_fp_trap_1
    libshutdown.o(.ARM.Collect$$libshutdown$$00000000) refers (Special) to libshutdown2.o(.ARM.Collect$$libshutdown$$0000000F) for __rt_lib_shutdown_heap_1
    libshutdown.o(.ARM.Collect$$libshutdown$$00000000) refers (Special) to libshutdown2.o(.ARM.Collect$$libshutdown$$00000010) for __rt_lib_shutdown_return
    libshutdown.o(.ARM.Collect$$libshutdown$$00000000) refers (Special) to libshutdown2.o(.ARM.Collect$$libshutdown$$0000000A) for __rt_lib_shutdown_signal_1
    libshutdown.o(.ARM.Collect$$libshutdown$$00000000) refers (Special) to libshutdown2.o(.ARM.Collect$$libshutdown$$00000004) for __rt_lib_shutdown_stdio_1
    libshutdown.o(.ARM.Collect$$libshutdown$$00000000) refers (Special) to libshutdown2.o(.ARM.Collect$$libshutdown$$0000000C) for __rt_lib_shutdown_user_alloc_1
    sys_command.o(.text) refers (Special) to use_no_semi.o(.text) for __I$use$semihosting
    sys_command.o(.text) refers (Special) to indicate_semi.o(.text) for __semihosting_library_function
    defsig_abrt_inner.o(.text) refers to defsig_general.o(.text) for __default_signal_display
    defsig_rtred_inner.o(.text) refers to defsig_general.o(.text) for __default_signal_display
    defsig_rtmem_inner.o(.text) refers to defsig_general.o(.text) for __default_signal_display
    defsig_rtmem_outer.o(.text) refers to defsig_rtmem_inner.o(.text) for __rt_SIGRTMEM_inner
    defsig_rtmem_outer.o(.text) refers to defsig_exit.o(.text) for __sig_exit
    defsig_rtmem_formal.o(.text) refers to rt_raise.o(.text) for __rt_raise
    defsig_stak_inner.o(.text) refers to defsig_general.o(.text) for __default_signal_display
    defsig_pvfn_inner.o(.text) refers to defsig_general.o(.text) for __default_signal_display
    defsig_cppl_inner.o(.text) refers to defsig_general.o(.text) for __default_signal_display
    defsig_segv_inner.o(.text) refers to defsig_general.o(.text) for __default_signal_display
    defsig_other.o(.text) refers to defsig_general.o(.text) for __default_signal_display
    main.o(.ARM.exidx) refers to main.o(i._ZN5Motor10setSentidoEi) for i._ZN5Motor10setSentidoEi
    main.o(i._ZN7Encoder14setVelMeasuredEii) refers to aeabi_sdiv.o(.text) for __aeabi_idivmod
    main.o(i._ZN7Encoder14setVelMeasuredEii) refers to fflti.o(.text) for __aeabi_i2f
    main.o(.ARM.exidx) refers to main.o(i._ZN7Encoder14setVelMeasuredEii) for i._ZN7Encoder14setVelMeasuredEii
    main.o(.ARM.exidx) refers to main.o(i._ZN13Potentiometer11getSetpointEv) for i._ZN13Potentiometer11getSetpointEv
    main.o(.ARM.exidx) refers to main.o(i._ZN7Encoder14getVelMeasuredEv) for i._ZN7Encoder14getVelMeasuredEv
    main.o(.ARM.exidx) refers to main.o(i._ZN5Motor10brakeMotorEv) for i._ZN5Motor10brakeMotorEv
    main.o(.ARM.exidx) refers to main.o(i._ZN13Potentiometer11setSetpointEv) for i._ZN13Potentiometer11setSetpointEv
    main.o(i._ZN5Motor9motorInitEv) refers to main.o(i._ZN5Motor10setSentidoEi) for Motor::setSentido(int)
    main.o(.ARM.exidx) refers to main.o(i._ZN5Motor9motorInitEv) for i._ZN5Motor9motorInitEv
    main.o(.ARM.exidx) refers to main.o(i.__ARM_common_switch8) for i.__ARM_common_switch8


==============================================================================

Removing Unused input sections from the image.

    Removing main.o(.rev16_text), (4 bytes).
    Removing main.o(.revsh_text), (4 bytes).
    Removing main.o(.ARM.exidx), (8 bytes).
    Removing main.o(.ARM.exidx), (8 bytes).
    Removing main.o(.ARM.exidx), (8 bytes).
    Removing main.o(.ARM.exidx), (8 bytes).
    Removing main.o(.ARM.exidx), (8 bytes).
    Removing main.o(.ARM.exidx), (8 bytes).
    Removing main.o(.ARM.exidx), (8 bytes).
    Removing main.o(.ARM.exidx), (8 bytes).
    Removing main.o(.ARM.exidx), (8 bytes).
    Removing system_mkl25z4.o(.rev16_text), (4 bytes).
    Removing system_mkl25z4.o(.revsh_text), (4 bytes).
    Removing main.o(.ARM.exidx), (8 bytes).
    Removing main.o(.ARM.exidx), (8 bytes).
    Removing main.o(.ARM.exidx), (8 bytes).
    Removing main.o(.ARM.exidx), (8 bytes).
    Removing main.o(.ARM.exidx), (8 bytes).
    Removing main.o(.ARM.exidx), (8 bytes).
    Removing main.o(.ARM.exidx), (8 bytes).
    Removing main.o(.ARM.exidx), (8 bytes).

21 unused section(s) (total 152 bytes) removed from the image.

==============================================================================

Image Symbol Table

    Local Symbols

    Symbol Name                              Value     Ov Type        Size  Object(Section)

    RESET                                    0x00000000   Section      192  startup_mkl25z4.o(RESET)
    ../clib/angel/boardlib.s                 0x00000000   Number         0  boardshut.o ABSOLUTE
    ../clib/angel/boardlib.s                 0x00000000   Number         0  boardinit1.o ABSOLUTE
    ../clib/angel/boardlib.s                 0x00000000   Number         0  boardinit2.o ABSOLUTE
    ../clib/angel/boardlib.s                 0x00000000   Number         0  boardinit3.o ABSOLUTE
    ../clib/angel/handlers.s                 0x00000000   Number         0  __scatter_copy.o ABSOLUTE
    ../clib/angel/handlers.s                 0x00000000   Number         0  __scatter_zi.o ABSOLUTE
    ../clib/angel/kernel.s                   0x00000000   Number         0  __rtentry2.o ABSOLUTE
    ../clib/angel/kernel.s                   0x00000000   Number         0  __rtentry.o ABSOLUTE
    ../clib/angel/kernel.s                   0x00000000   Number         0  __rtentry4.o ABSOLUTE
    ../clib/angel/kernel.s                   0x00000000   Number         0  rtexit.o ABSOLUTE
    ../clib/angel/kernel.s                   0x00000000   Number         0  rtexit2.o ABSOLUTE
    ../clib/angel/rt.s                       0x00000000   Number         0  rt_raise.o ABSOLUTE
    ../clib/angel/rt.s                       0x00000000   Number         0  aeabi_idiv0.o ABSOLUTE
    ../clib/angel/rt.s                       0x00000000   Number         0  aeabi_idiv0_sigfpe.o ABSOLUTE
    ../clib/angel/rt.s                       0x00000000   Number         0  rt_div0.o ABSOLUTE
    ../clib/angel/scatterp.s                 0x00000000   Number         0  __scatter.o ABSOLUTE
    ../clib/angel/startup.s                  0x00000000   Number         0  __main.o ABSOLUTE
    ../clib/angel/sys.s                      0x00000000   Number         0  sys_stackheap_outer.o ABSOLUTE
    ../clib/angel/sys.s                      0x00000000   Number         0  tempstk.o ABSOLUTE
    ../clib/angel/sys.s                      0x00000000   Number         0  indicate_semi.o ABSOLUTE
    ../clib/angel/sys.s                      0x00000000   Number         0  libspace.o ABSOLUTE
    ../clib/angel/sys.s                      0x00000000   Number         0  use_no_semi.o ABSOLUTE
    ../clib/angel/sysapp.c                   0x00000000   Number         0  sys_command.o ABSOLUTE
    ../clib/angel/sysapp.c                   0x00000000   Number         0  sys_exit.o ABSOLUTE
    ../clib/angel/sysapp.c                   0x00000000   Number         0  sys_wrch.o ABSOLUTE
    ../clib/armsys.c                         0x00000000   Number         0  no_argv.o ABSOLUTE
    ../clib/armsys.c                         0x00000000   Number         0  _get_argv_nomalloc.o ABSOLUTE
    ../clib/armsys.c                         0x00000000   Number         0  argv_veneer.o ABSOLUTE
    ../clib/division.s                       0x00000000   Number         0  aeabi_sdiv.o ABSOLUTE
    ../clib/division.s                       0x00000000   Number         0  aeabi_sdiv_div0.o ABSOLUTE
    ../clib/heapalloc.c                      0x00000000   Number         0  hrguard.o ABSOLUTE
    ../clib/heapaux.c                        0x00000000   Number         0  heapauxi.o ABSOLUTE
    ../clib/libinit.s                        0x00000000   Number         0  libinit2.o ABSOLUTE
    ../clib/libinit.s                        0x00000000   Number         0  libshutdown2.o ABSOLUTE
    ../clib/libinit.s                        0x00000000   Number         0  libinit.o ABSOLUTE
    ../clib/libinit.s                        0x00000000   Number         0  libshutdown.o ABSOLUTE
    ../clib/signal.c                         0x00000000   Number         0  defsig_rtred_inner.o ABSOLUTE
    ../clib/signal.c                         0x00000000   Number         0  defsig_abrt_inner.o ABSOLUTE
    ../clib/signal.c                         0x00000000   Number         0  defsig_exit.o ABSOLUTE
    ../clib/signal.c                         0x00000000   Number         0  defsig_fpe_inner.o ABSOLUTE
    ../clib/signal.c                         0x00000000   Number         0  __raise.o ABSOLUTE
    ../clib/signal.c                         0x00000000   Number         0  defsig_general.o ABSOLUTE
    ../clib/signal.c                         0x00000000   Number         0  defsig_fpe_formal.o ABSOLUTE
    ../clib/signal.c                         0x00000000   Number         0  defsig_other.o ABSOLUTE
    ../clib/signal.c                         0x00000000   Number         0  defsig_segv_inner.o ABSOLUTE
    ../clib/signal.c                         0x00000000   Number         0  defsig_fpe_outer.o ABSOLUTE
    ../clib/signal.c                         0x00000000   Number         0  defsig_rtmem_inner.o ABSOLUTE
    ../clib/signal.c                         0x00000000   Number         0  defsig_cppl_inner.o ABSOLUTE
    ../clib/signal.c                         0x00000000   Number         0  defsig_pvfn_inner.o ABSOLUTE
    ../clib/signal.c                         0x00000000   Number         0  defsig_stak_inner.o ABSOLUTE
    ../clib/signal.c                         0x00000000   Number         0  defsig_rtmem_formal.o ABSOLUTE
    ../clib/signal.c                         0x00000000   Number         0  defsig_rtmem_outer.o ABSOLUTE
    ../clib/signal.s                         0x00000000   Number         0  defsig.o ABSOLUTE
    ../clib/stdlib.c                         0x00000000   Number         0  exit.o ABSOLUTE
    ../clib/string.c                         0x00000000   Number         0  strcat.o ABSOLUTE
    ../clib/string.c                         0x00000000   Number         0  strlen.o ABSOLUTE
    ../fplib/cfplib/cmpret.c                 0x00000000   Number         0  cmpret.o ABSOLUTE
    ../fplib/cfplib/fcmpin.c                 0x00000000   Number         0  fcmpin.o ABSOLUTE
    ../fplib/cfplib/fdiv.c                   0x00000000   Number         0  fdiv.o ABSOLUTE
    ../fplib/cfplib/ffix.c                   0x00000000   Number         0  ffixi.o ABSOLUTE
    ../fplib/cfplib/ffix.c                   0x00000000   Number         0  ffixui.o ABSOLUTE
    ../fplib/cfplib/fflt.c                   0x00000000   Number         0  fflti.o ABSOLUTE
    ../fplib/cfplib/fpinit.c                 0x00000000   Number         0  fpinit.o ABSOLUTE
    ../fplib/cfplib/nan2.c                   0x00000000   Number         0  fnan2.o ABSOLUTE
    ../fplib/cfplib/retnan.c                 0x00000000   Number         0  retnan.o ABSOLUTE
    ../fplib/faddsub6m.s                     0x00000000   Number         0  faddsub.o ABSOLUTE
    ../fplib/feqf6m.s                        0x00000000   Number         0  feqf.o ABSOLUTE
    ../fplib/fleqf6m.s                       0x00000000   Number         0  flef.o ABSOLUTE
    ../fplib/fmul6m.s                        0x00000000   Number         0  fmul.o ABSOLUTE
    ../fplib/frleqf6m.s                      0x00000000   Number         0  frlef.o ABSOLUTE
    ../fplib/usenofp.s                       0x00000000   Number         0  usenofp.o ABSOLUTE
    RTE\Device\MKL25Z128xxx4\startup_MKL25Z4.s 0x00000000   Number         0  startup_mkl25z4.o ABSOLUTE
    RTE\Device\MKL25Z128xxx4\system_MKL25Z4.c 0x00000000   Number         0  system_mkl25z4.o ABSOLUTE
    RTE\\Device\\MKL25Z128xxx4\\system_MKL25Z4.c 0x00000000   Number         0  system_mkl25z4.o ABSOLUTE
    dc.s                                     0x00000000   Number         0  dc.o ABSOLUTE
    main.cpp                                 0x00000000   Number         0  main.o ABSOLUTE
    main.cpp                                 0x00000000   Number         0  main.o ABSOLUTE
    !!!main                                  0x000000c0   Section        8  __main.o(!!!main)
    !!!scatter                               0x000000c8   Section       60  __scatter.o(!!!scatter)
    !!handler_copy                           0x00000104   Section       26  __scatter_copy.o(!!handler_copy)
    !!handler_zi                             0x00000120   Section       28  __scatter_zi.o(!!handler_zi)
    .ARM.Collect$$libinit$$00000000          0x0000013c   Section        2  libinit.o(.ARM.Collect$$libinit$$00000000)
    .ARM.Collect$$libinit$$00000002          0x0000013e   Section        0  libinit2.o(.ARM.Collect$$libinit$$00000002)
    .ARM.Collect$$libinit$$00000004          0x0000013e   Section        0  libinit2.o(.ARM.Collect$$libinit$$00000004)
    .ARM.Collect$$libinit$$0000000A          0x0000013e   Section        0  libinit2.o(.ARM.Collect$$libinit$$0000000A)
    .ARM.Collect$$libinit$$0000000C          0x0000013e   Section        0  libinit2.o(.ARM.Collect$$libinit$$0000000C)
    .ARM.Collect$$libinit$$0000000E          0x0000013e   Section        0  libinit2.o(.ARM.Collect$$libinit$$0000000E)
    .ARM.Collect$$libinit$$00000011          0x0000013e   Section        0  libinit2.o(.ARM.Collect$$libinit$$00000011)
    .ARM.Collect$$libinit$$00000013          0x0000013e   Section        0  libinit2.o(.ARM.Collect$$libinit$$00000013)
    .ARM.Collect$$libinit$$00000015          0x0000013e   Section        0  libinit2.o(.ARM.Collect$$libinit$$00000015)
    .ARM.Collect$$libinit$$00000017          0x0000013e   Section        0  libinit2.o(.ARM.Collect$$libinit$$00000017)
    .ARM.Collect$$libinit$$00000019          0x0000013e   Section        0  libinit2.o(.ARM.Collect$$libinit$$00000019)
    .ARM.Collect$$libinit$$0000001B          0x0000013e   Section        0  libinit2.o(.ARM.Collect$$libinit$$0000001B)
    .ARM.Collect$$libinit$$0000001D          0x0000013e   Section        0  libinit2.o(.ARM.Collect$$libinit$$0000001D)
    .ARM.Collect$$libinit$$0000001F          0x0000013e   Section        0  libinit2.o(.ARM.Collect$$libinit$$0000001F)
    .ARM.Collect$$libinit$$00000021          0x0000013e   Section        0  libinit2.o(.ARM.Collect$$libinit$$00000021)
    .ARM.Collect$$libinit$$00000023          0x0000013e   Section        0  libinit2.o(.ARM.Collect$$libinit$$00000023)
    .ARM.Collect$$libinit$$00000025          0x0000013e   Section        0  libinit2.o(.ARM.Collect$$libinit$$00000025)
    .ARM.Collect$$libinit$$0000002C          0x0000013e   Section        0  libinit2.o(.ARM.Collect$$libinit$$0000002C)
    .ARM.Collect$$libinit$$0000002E          0x0000013e   Section        0  libinit2.o(.ARM.Collect$$libinit$$0000002E)
    .ARM.Collect$$libinit$$00000030          0x0000013e   Section        0  libinit2.o(.ARM.Collect$$libinit$$00000030)
    .ARM.Collect$$libinit$$00000032          0x0000013e   Section        0  libinit2.o(.ARM.Collect$$libinit$$00000032)
    .ARM.Collect$$libinit$$00000033          0x0000013e   Section        2  libinit2.o(.ARM.Collect$$libinit$$00000033)
    .ARM.Collect$$libshutdown$$00000000      0x00000140   Section        2  libshutdown.o(.ARM.Collect$$libshutdown$$00000000)
    .ARM.Collect$$libshutdown$$00000002      0x00000142   Section        0  libshutdown2.o(.ARM.Collect$$libshutdown$$00000002)
    .ARM.Collect$$libshutdown$$00000004      0x00000142   Section        0  libshutdown2.o(.ARM.Collect$$libshutdown$$00000004)
    .ARM.Collect$$libshutdown$$00000007      0x00000142   Section        0  libshutdown2.o(.ARM.Collect$$libshutdown$$00000007)
    .ARM.Collect$$libshutdown$$0000000A      0x00000142   Section        0  libshutdown2.o(.ARM.Collect$$libshutdown$$0000000A)
    .ARM.Collect$$libshutdown$$0000000C      0x00000142   Section        0  libshutdown2.o(.ARM.Collect$$libshutdown$$0000000C)
    .ARM.Collect$$libshutdown$$0000000F      0x00000142   Section        0  libshutdown2.o(.ARM.Collect$$libshutdown$$0000000F)
    .ARM.Collect$$libshutdown$$00000010      0x00000142   Section        2  libshutdown2.o(.ARM.Collect$$libshutdown$$00000010)
    .ARM.Collect$$rtentry$$00000000          0x00000144   Section        0  __rtentry.o(.ARM.Collect$$rtentry$$00000000)
    .ARM.Collect$$rtentry$$00000002          0x00000144   Section        0  __rtentry2.o(.ARM.Collect$$rtentry$$00000002)
    .ARM.Collect$$rtentry$$00000004          0x00000144   Section        6  __rtentry4.o(.ARM.Collect$$rtentry$$00000004)
    .ARM.Collect$$rtentry$$00000009          0x0000014a   Section        0  __rtentry2.o(.ARM.Collect$$rtentry$$00000009)
    .ARM.Collect$$rtentry$$0000000A          0x0000014a   Section        4  __rtentry2.o(.ARM.Collect$$rtentry$$0000000A)
    .ARM.Collect$$rtentry$$0000000C          0x0000014e   Section        0  __rtentry2.o(.ARM.Collect$$rtentry$$0000000C)
    .ARM.Collect$$rtentry$$0000000D          0x0000014e   Section        8  __rtentry2.o(.ARM.Collect$$rtentry$$0000000D)
    .ARM.Collect$$rtexit$$00000000           0x00000156   Section        2  rtexit.o(.ARM.Collect$$rtexit$$00000000)
    .ARM.Collect$$rtexit$$00000002           0x00000158   Section        0  rtexit2.o(.ARM.Collect$$rtexit$$00000002)
    .ARM.Collect$$rtexit$$00000003           0x00000158   Section        4  rtexit2.o(.ARM.Collect$$rtexit$$00000003)
    .ARM.Collect$$rtexit$$00000004           0x0000015c   Section        6  rtexit2.o(.ARM.Collect$$rtexit$$00000004)
    .text                                    0x00000164   Section       64  startup_mkl25z4.o(.text)
    .text                                    0x000001a4   Section        0  strlen.o(.text)
    .text                                    0x000001e8   Section        0  strcat.o(.text)
    .text                                    0x00000200   Section      346  aeabi_sdiv.o(.text)
    .text                                    0x0000035a   Section        0  heapauxi.o(.text)
    .text                                    0x00000360   Section        0  ffixi.o(.text)
    .text                                    0x000003ac   Section        0  ffixui.o(.text)
    .text                                    0x000003dc   Section        0  fnan2.o(.text)
    .text                                    0x000003ec   Section        0  exit.o(.text)
    .text                                    0x000003fc   Section        2  use_no_semi.o(.text)
    .text                                    0x000003fe   Section        0  indicate_semi.o(.text)
    x$fpl$usenofp                            0x000003fe   Section        0  usenofp.o(x$fpl$usenofp)
    .ARM.__at_0x400                          0x00000400   Section       16  startup_mkl25z4.o(.ARM.__at_0x400)
    .text                                    0x00000410   Section        0  fdiv.o(.text)
    .text                                    0x00000570   Section        0  fflti.o(.text)
    .text                                    0x000005d0   Section        0  fcmpin.o(.text)
    .text                                    0x00000634   Section        0  cmpret.o(.text)
    .text                                    0x00000662   Section       62  sys_stackheap_outer.o(.text)
    .text                                    0x000006a0   Section        0  retnan.o(.text)
    .text                                    0x00000700   Section        8  libspace.o(.text)
    .text                                    0x00000708   Section        0  sys_exit.o(.text)
    i.PORTA_IRQHandler                       0x00000714   Section        0  main.o(i.PORTA_IRQHandler)
    i.PORTD_IRQHandler                       0x0000076c   Section        0  main.o(i.PORTD_IRQHandler)
    i.SysTick_Handler                        0x0000079c   Section        0  main.o(i.SysTick_Handler)
    i.SystemCoreClockUpdate                  0x000007ac   Section        0  system_mkl25z4.o(i.SystemCoreClockUpdate)
    i.SystemInit                             0x0000093c   Section        0  system_mkl25z4.o(i.SystemInit)
    i.UART0_IRQHandler                       0x00000948   Section        0  main.o(i.UART0_IRQHandler)
    i._Z14uartSendStringiii                  0x000009b8   Section        0  main.o(i._Z14uartSendStringiii)
    i._Z16__NVIC_EnableIRQ4IRQn              0x00000ab8   Section        0  main.o(i._Z16__NVIC_EnableIRQ4IRQn)
    __NVIC_EnableIRQ(IRQn)                   0x00000ab9   Thumb Code    18  main.o(i._Z16__NVIC_EnableIRQ4IRQn)
    i._Z18__NVIC_SetPriority4IRQnj           0x00000ad0   Section        0  main.o(i._Z18__NVIC_SetPriority4IRQnj)
    __NVIC_SetPriority(IRQn, unsigned)       0x00000ad1   Thumb Code   110  main.o(i._Z18__NVIC_SetPriority4IRQnj)
    i._Z8uartInitv                           0x00000b48   Section        0  main.o(i._Z8uartInitv)
    uartInit()                               0x00000b49   Thumb Code   218  main.o(i._Z8uartInitv)
    i._ZN13Potentiometer11getSetpointEv      0x00000c34   Section        0  main.o(i._ZN13Potentiometer11getSetpointEv)
    i._ZN13Potentiometer11setSetpointEv      0x00000c3c   Section        0  main.o(i._ZN13Potentiometer11setSetpointEv)
    i._ZN5Motor10brakeMotorEv                0x00000c54   Section        0  main.o(i._ZN5Motor10brakeMotorEv)
    i._ZN5Motor10setSentidoEi                0x00000c68   Section        0  main.o(i._ZN5Motor10setSentidoEi)
    i._ZN5Motor9motorInitEv                  0x00000c90   Section        0  main.o(i._ZN5Motor9motorInitEv)
    i._ZN7Encoder14getVelMeasuredEv          0x00000d5c   Section        0  main.o(i._ZN7Encoder14getVelMeasuredEv)
    i._ZN7Encoder14setVelMeasuredEii         0x00000d62   Section        0  main.o(i._ZN7Encoder14setVelMeasuredEii)
    i.__ARM_common_switch8                   0x00000d82   Section        0  main.o(i.__ARM_common_switch8)
    i.main                                   0x00000da0   Section        0  main.o(i.main)
    x$fpl$fadd                               0x0000136c   Section      140  faddsub.o(x$fpl$fadd)
    _fadd1                                   0x00001379   Thumb Code     0  faddsub.o(x$fpl$fadd)
    x$fpl$feqf                               0x000013f8   Section       84  feqf.o(x$fpl$feqf)
    x$fpl$fleqf                              0x0000144c   Section       84  flef.o(x$fpl$fleqf)
    x$fpl$fmul                               0x000014a0   Section      176  fmul.o(x$fpl$fmul)
    x$fpl$frleqf                             0x00001550   Section       88  frlef.o(x$fpl$frleqf)
    x$fpl$frsb                               0x000015a8   Section       24  faddsub.o(x$fpl$frsb)
    x$fpl$fsub                               0x000015c0   Section      208  faddsub.o(x$fpl$fsub)
    _fsub1                                   0x000015cd   Thumb Code     0  faddsub.o(x$fpl$fsub)
    .constdata                               0x00001690   Section       64  fdiv.o(.constdata)
    fdiv_tab                                 0x00001690   Data          64  fdiv.o(.constdata)
    .data                                    0x1ffff000   Section      112  main.o(.data)
    c                                        0x1ffff064   Data           1  main.o(.data)
    flagCommReceived                         0x1ffff068   Data           4  main.o(.data)
    flagCommSend                             0x1ffff06c   Data           4  main.o(.data)
    .data                                    0x1ffff070   Section        4  system_mkl25z4.o(.data)
    .bss                                     0x1ffff074   Section      100  main.o(.bss)
    .bss                                     0x1ffff0d8   Section       96  libspace.o(.bss)
    HEAP                                     0x1ffff138   Section        0  startup_mkl25z4.o(HEAP)
    STACK                                    0x1ffff138   Section      256  startup_mkl25z4.o(STACK)
    Heap_Mem                                 0x1ffff138   Data           0  startup_mkl25z4.o(HEAP)
    Stack_Mem                                0x1ffff138   Data         256  startup_mkl25z4.o(STACK)
    __initial_sp                             0x1ffff238   Data           0  startup_mkl25z4.o(STACK)

    Global Symbols

    Symbol Name                              Value     Ov Type        Size  Object(Section)

    BuildAttributes$$THM_ISAv3M$S$PE$A:L22$X:L11$S22$IEEE1$IW$USESV6$~STKCKD$USESV7$~SHL$OSPACE$ROPI$EBA8$UX$STANDARDLIB$REQ8$PRES8$EABIv2 0x00000000   Number         0  anon$$obj.o ABSOLUTE
    __ARM_use_no_argv                        0x00000000   Number         0  main.o ABSOLUTE
    __Vectors                                0x00000000   Data           4  startup_mkl25z4.o(RESET)
    __ARM_exceptions_init                     - Undefined Weak Reference
    __alloca_initialize                       - Undefined Weak Reference
    __arm_preinit_                            - Undefined Weak Reference
    __cpp_initialize__aeabi_                  - Undefined Weak Reference
    __cxa_finalize                            - Undefined Weak Reference
    __rt_locale                               - Undefined Weak Reference
    __sigvec_lookup                           - Undefined Weak Reference
    _atexit_init                              - Undefined Weak Reference
    _call_atexit_fns                          - Undefined Weak Reference
    _clock_init                               - Undefined Weak Reference
    _fp_trap_init                             - Undefined Weak Reference
    _fp_trap_shutdown                         - Undefined Weak Reference
    _get_lc_collate                           - Undefined Weak Reference
    _get_lc_ctype                             - Undefined Weak Reference
    _get_lc_monetary                          - Undefined Weak Reference
    _get_lc_numeric                           - Undefined Weak Reference
    _get_lc_time                              - Undefined Weak Reference
    _getenv_init                              - Undefined Weak Reference
    _handle_redirection                       - Undefined Weak Reference
    _init_alloc                               - Undefined Weak Reference
    _init_user_alloc                          - Undefined Weak Reference
    _initio                                   - Undefined Weak Reference
    _rand_init                                - Undefined Weak Reference
    _signal_finish                            - Undefined Weak Reference
    _signal_init                              - Undefined Weak Reference
    _terminate_alloc                          - Undefined Weak Reference
    _terminate_user_alloc                     - Undefined Weak Reference
    _terminateio                              - Undefined Weak Reference
    __Vectors_End                            0x000000c0   Data           0  startup_mkl25z4.o(RESET)
    __Vectors_Size                           0x000000c0   Number         0  startup_mkl25z4.o ABSOLUTE
    __main                                   0x000000c1   Thumb Code     8  __main.o(!!!main)
    __scatterload                            0x000000c9   Thumb Code     0  __scatter.o(!!!scatter)
    __scatterload_rt2                        0x000000c9   Thumb Code    52  __scatter.o(!!!scatter)
    __scatterload_rt2_thumb_only             0x000000c9   Thumb Code     0  __scatter.o(!!!scatter)
    __scatterload_null                       0x000000d9   Thumb Code     0  __scatter.o(!!!scatter)
    __scatterload_copy                       0x00000105   Thumb Code    26  __scatter_copy.o(!!handler_copy)
    __scatterload_zeroinit                   0x00000121   Thumb Code    28  __scatter_zi.o(!!handler_zi)
    __rt_lib_init                            0x0000013d   Thumb Code     0  libinit.o(.ARM.Collect$$libinit$$00000000)
    __rt_lib_init_alloca_1                   0x0000013f   Thumb Code     0  libinit2.o(.ARM.Collect$$libinit$$0000002E)
    __rt_lib_init_argv_1                     0x0000013f   Thumb Code     0  libinit2.o(.ARM.Collect$$libinit$$0000002C)
    __rt_lib_init_atexit_1                   0x0000013f   Thumb Code     0  libinit2.o(.ARM.Collect$$libinit$$0000001B)
    __rt_lib_init_clock_1                    0x0000013f   Thumb Code     0  libinit2.o(.ARM.Collect$$libinit$$00000021)
    __rt_lib_init_cpp_1                      0x0000013f   Thumb Code     0  libinit2.o(.ARM.Collect$$libinit$$00000032)
    __rt_lib_init_exceptions_1               0x0000013f   Thumb Code     0  libinit2.o(.ARM.Collect$$libinit$$00000030)
    __rt_lib_init_fp_1                       0x0000013f   Thumb Code     0  libinit2.o(.ARM.Collect$$libinit$$00000002)
    __rt_lib_init_fp_trap_1                  0x0000013f   Thumb Code     0  libinit2.o(.ARM.Collect$$libinit$$0000001F)
    __rt_lib_init_getenv_1                   0x0000013f   Thumb Code     0  libinit2.o(.ARM.Collect$$libinit$$00000023)
    __rt_lib_init_heap_1                     0x0000013f   Thumb Code     0  libinit2.o(.ARM.Collect$$libinit$$0000000A)
    __rt_lib_init_lc_collate_1               0x0000013f   Thumb Code     0  libinit2.o(.ARM.Collect$$libinit$$00000011)
    __rt_lib_init_lc_ctype_1                 0x0000013f   Thumb Code     0  libinit2.o(.ARM.Collect$$libinit$$00000013)
    __rt_lib_init_lc_monetary_1              0x0000013f   Thumb Code     0  libinit2.o(.ARM.Collect$$libinit$$00000015)
    __rt_lib_init_lc_numeric_1               0x0000013f   Thumb Code     0  libinit2.o(.ARM.Collect$$libinit$$00000017)
    __rt_lib_init_lc_time_1                  0x0000013f   Thumb Code     0  libinit2.o(.ARM.Collect$$libinit$$00000019)
    __rt_lib_init_preinit_1                  0x0000013f   Thumb Code     0  libinit2.o(.ARM.Collect$$libinit$$00000004)
    __rt_lib_init_rand_1                     0x0000013f   Thumb Code     0  libinit2.o(.ARM.Collect$$libinit$$0000000E)
    __rt_lib_init_return                     0x0000013f   Thumb Code     0  libinit2.o(.ARM.Collect$$libinit$$00000033)
    __rt_lib_init_signal_1                   0x0000013f   Thumb Code     0  libinit2.o(.ARM.Collect$$libinit$$0000001D)
    __rt_lib_init_stdio_1                    0x0000013f   Thumb Code     0  libinit2.o(.ARM.Collect$$libinit$$00000025)
    __rt_lib_init_user_alloc_1               0x0000013f   Thumb Code     0  libinit2.o(.ARM.Collect$$libinit$$0000000C)
    __rt_lib_shutdown                        0x00000141   Thumb Code     0  libshutdown.o(.ARM.Collect$$libshutdown$$00000000)
    __rt_lib_shutdown_cpp_1                  0x00000143   Thumb Code     0  libshutdown2.o(.ARM.Collect$$libshutdown$$00000002)
    __rt_lib_shutdown_fp_trap_1              0x00000143   Thumb Code     0  libshutdown2.o(.ARM.Collect$$libshutdown$$00000007)
    __rt_lib_shutdown_heap_1                 0x00000143   Thumb Code     0  libshutdown2.o(.ARM.Collect$$libshutdown$$0000000F)
    __rt_lib_shutdown_return                 0x00000143   Thumb Code     0  libshutdown2.o(.ARM.Collect$$libshutdown$$00000010)
    __rt_lib_shutdown_signal_1               0x00000143   Thumb Code     0  libshutdown2.o(.ARM.Collect$$libshutdown$$0000000A)
    __rt_lib_shutdown_stdio_1                0x00000143   Thumb Code     0  libshutdown2.o(.ARM.Collect$$libshutdown$$00000004)
    __rt_lib_shutdown_user_alloc_1           0x00000143   Thumb Code     0  libshutdown2.o(.ARM.Collect$$libshutdown$$0000000C)
    __rt_entry                               0x00000145   Thumb Code     0  __rtentry.o(.ARM.Collect$$rtentry$$00000000)
    __rt_entry_presh_1                       0x00000145   Thumb Code     0  __rtentry2.o(.ARM.Collect$$rtentry$$00000002)
    __rt_entry_sh                            0x00000145   Thumb Code     0  __rtentry4.o(.ARM.Collect$$rtentry$$00000004)
    __rt_entry_li                            0x0000014b   Thumb Code     0  __rtentry2.o(.ARM.Collect$$rtentry$$0000000A)
    __rt_entry_postsh_1                      0x0000014b   Thumb Code     0  __rtentry2.o(.ARM.Collect$$rtentry$$00000009)
    __rt_entry_main                          0x0000014f   Thumb Code     0  __rtentry2.o(.ARM.Collect$$rtentry$$0000000D)
    __rt_entry_postli_1                      0x0000014f   Thumb Code     0  __rtentry2.o(.ARM.Collect$$rtentry$$0000000C)
    __rt_exit                                0x00000157   Thumb Code     0  rtexit.o(.ARM.Collect$$rtexit$$00000000)
    __rt_exit_ls                             0x00000159   Thumb Code     0  rtexit2.o(.ARM.Collect$$rtexit$$00000003)
    __rt_exit_prels_1                        0x00000159   Thumb Code     0  rtexit2.o(.ARM.Collect$$rtexit$$00000002)
    __rt_exit_exit                           0x0000015d   Thumb Code     0  rtexit2.o(.ARM.Collect$$rtexit$$00000004)
    Reset_Handler                            0x00000165   Thumb Code    12  startup_mkl25z4.o(.text)
    NMI_Handler                              0x00000171   Thumb Code     2  startup_mkl25z4.o(.text)
    HardFault_Handler                        0x00000173   Thumb Code     2  startup_mkl25z4.o(.text)
    SVC_Handler                              0x00000175   Thumb Code     2  startup_mkl25z4.o(.text)
    PendSV_Handler                           0x00000177   Thumb Code     2  startup_mkl25z4.o(.text)
    ADC0_IRQHandler                          0x0000017b   Thumb Code     0  startup_mkl25z4.o(.text)
    CMP0_IRQHandler                          0x0000017b   Thumb Code     0  startup_mkl25z4.o(.text)
    DAC0_IRQHandler                          0x0000017b   Thumb Code     0  startup_mkl25z4.o(.text)
    DMA0_IRQHandler                          0x0000017b   Thumb Code     0  startup_mkl25z4.o(.text)
    DMA1_IRQHandler                          0x0000017b   Thumb Code     0  startup_mkl25z4.o(.text)
    DMA2_IRQHandler                          0x0000017b   Thumb Code     0  startup_mkl25z4.o(.text)
    DMA3_IRQHandler                          0x0000017b   Thumb Code     0  startup_mkl25z4.o(.text)
    DefaultISR                               0x0000017b   Thumb Code     0  startup_mkl25z4.o(.text)
    FTFA_IRQHandler                          0x0000017b   Thumb Code     0  startup_mkl25z4.o(.text)
    I2C0_IRQHandler                          0x0000017b   Thumb Code     0  startup_mkl25z4.o(.text)
    I2C1_IRQHandler                          0x0000017b   Thumb Code     0  startup_mkl25z4.o(.text)
    LLWU_IRQHandler                          0x0000017b   Thumb Code     0  startup_mkl25z4.o(.text)
    LPTMR0_IRQHandler                        0x0000017b   Thumb Code     0  startup_mkl25z4.o(.text)
    LVD_LVW_IRQHandler                       0x0000017b   Thumb Code     0  startup_mkl25z4.o(.text)
    MCG_IRQHandler                           0x0000017b   Thumb Code     0  startup_mkl25z4.o(.text)
    PIT_IRQHandler                           0x0000017b   Thumb Code     0  startup_mkl25z4.o(.text)
    RTC_IRQHandler                           0x0000017b   Thumb Code     0  startup_mkl25z4.o(.text)
    RTC_Seconds_IRQHandler                   0x0000017b   Thumb Code     0  startup_mkl25z4.o(.text)
    Reserved20_IRQHandler                    0x0000017b   Thumb Code     0  startup_mkl25z4.o(.text)
    Reserved39_IRQHandler                    0x0000017b   Thumb Code     0  startup_mkl25z4.o(.text)
    Reserved45_IRQHandler                    0x0000017b   Thumb Code     0  startup_mkl25z4.o(.text)
    SPI0_IRQHandler                          0x0000017b   Thumb Code     0  startup_mkl25z4.o(.text)
    SPI1_IRQHandler                          0x0000017b   Thumb Code     0  startup_mkl25z4.o(.text)
    TPM0_IRQHandler                          0x0000017b   Thumb Code     0  startup_mkl25z4.o(.text)
    TPM1_IRQHandler                          0x0000017b   Thumb Code     0  startup_mkl25z4.o(.text)
    TPM2_IRQHandler                          0x0000017b   Thumb Code     0  startup_mkl25z4.o(.text)
    TSI0_IRQHandler                          0x0000017b   Thumb Code     0  startup_mkl25z4.o(.text)
    UART1_IRQHandler                         0x0000017b   Thumb Code     0  startup_mkl25z4.o(.text)
    UART2_IRQHandler                         0x0000017b   Thumb Code     0  startup_mkl25z4.o(.text)
    USB0_IRQHandler                          0x0000017b   Thumb Code     0  startup_mkl25z4.o(.text)
    __user_initial_stackheap                 0x00000181   Thumb Code     0  startup_mkl25z4.o(.text)
    strlen                                   0x000001a5   Thumb Code    62  strlen.o(.text)
    strcat                                   0x000001e9   Thumb Code    24  strcat.o(.text)
    __aeabi_uidiv                            0x00000201   Thumb Code     0  aeabi_sdiv.o(.text)
    __aeabi_uidivmod                         0x00000201   Thumb Code    20  aeabi_sdiv.o(.text)
    __aeabi_idiv                             0x00000215   Thumb Code     0  aeabi_sdiv.o(.text)
    __aeabi_idivmod                          0x00000215   Thumb Code   326  aeabi_sdiv.o(.text)
    __use_two_region_memory                  0x0000035b   Thumb Code     2  heapauxi.o(.text)
    __rt_heap_escrow$2region                 0x0000035d   Thumb Code     2  heapauxi.o(.text)
    __rt_heap_expand$2region                 0x0000035f   Thumb Code     2  heapauxi.o(.text)
    __aeabi_f2iz                             0x00000361   Thumb Code     0  ffixi.o(.text)
    _ffix                                    0x00000361   Thumb Code    76  ffixi.o(.text)
    __aeabi_f2uiz                            0x000003ad   Thumb Code     0  ffixui.o(.text)
    _ffixu                                   0x000003ad   Thumb Code    48  ffixui.o(.text)
    __fpl_fcheck_NaN2                        0x000003dd   Thumb Code    10  fnan2.o(.text)
    exit                                     0x000003ed   Thumb Code    16  exit.o(.text)
    __I$use$semihosting                      0x000003fd   Thumb Code     0  use_no_semi.o(.text)
    __use_no_semihosting_swi                 0x000003fd   Thumb Code     2  use_no_semi.o(.text)
    __I$use$fp                               0x000003fe   Number         0  usenofp.o(x$fpl$usenofp)
    __semihosting_library_function           0x000003ff   Thumb Code     0  indicate_semi.o(.text)
    __aeabi_fdiv                             0x00000411   Thumb Code     0  fdiv.o(.text)
    _fdiv                                    0x00000411   Thumb Code   334  fdiv.o(.text)
    _frdiv                                   0x0000055f   Thumb Code     8  fdiv.o(.text)
    __aeabi_i2f_normalise                    0x00000571   Thumb Code    72  fflti.o(.text)
    __aeabi_i2f                              0x000005b9   Thumb Code    16  fflti.o(.text)
    _fflt                                    0x000005b9   Thumb Code     0  fflti.o(.text)
    __aeabi_ui2f                             0x000005c9   Thumb Code     6  fflti.o(.text)
    _ffltu                                   0x000005c9   Thumb Code     0  fflti.o(.text)
    __fpl_fcmp_InfNaN                        0x000005d1   Thumb Code    96  fcmpin.o(.text)
    __fpl_cmpreturn                          0x00000635   Thumb Code    46  cmpret.o(.text)
    __user_setup_stackheap                   0x00000663   Thumb Code    62  sys_stackheap_outer.o(.text)
    __fpl_return_NaN                         0x000006a1   Thumb Code    94  retnan.o(.text)
    __user_libspace                          0x00000701   Thumb Code     8  libspace.o(.text)
    __user_perproc_libspace                  0x00000701   Thumb Code     0  libspace.o(.text)
    __user_perthread_libspace                0x00000701   Thumb Code     0  libspace.o(.text)
    _sys_exit                                0x00000709   Thumb Code     8  sys_exit.o(.text)
    PORTA_IRQHandler                         0x00000715   Thumb Code    80  main.o(i.PORTA_IRQHandler)
    PORTD_IRQHandler                         0x0000076d   Thumb Code    40  main.o(i.PORTD_IRQHandler)
    SysTick_Handler                          0x0000079d   Thumb Code    12  main.o(i.SysTick_Handler)
    SystemCoreClockUpdate                    0x000007ad   Thumb Code   372  system_mkl25z4.o(i.SystemCoreClockUpdate)
    SystemInit                               0x0000093d   Thumb Code     8  system_mkl25z4.o(i.SystemInit)
    UART0_IRQHandler                         0x00000949   Thumb Code    86  main.o(i.UART0_IRQHandler)
    uartSendString(int, int, int)            0x000009b9   Thumb Code   230  main.o(i._Z14uartSendStringiii)
    Potentiometer::getSetpoint()             0x00000c35   Thumb Code     6  main.o(i._ZN13Potentiometer11getSetpointEv)
    Potentiometer::setSetpoint()             0x00000c3d   Thumb Code    20  main.o(i._ZN13Potentiometer11setSetpointEv)
    Motor::brakeMotor()                      0x00000c55   Thumb Code    14  main.o(i._ZN5Motor10brakeMotorEv)
    Motor::setSentido(int)                   0x00000c69   Thumb Code    34  main.o(i._ZN5Motor10setSentidoEi)
    Motor::motorInit()                       0x00000c91   Thumb Code   184  main.o(i._ZN5Motor9motorInitEv)
    Encoder::getVelMeasured()                0x00000d5d   Thumb Code     6  main.o(i._ZN7Encoder14getVelMeasuredEv)
    Encoder::setVelMeasured(int, int)        0x00000d63   Thumb Code    32  main.o(i._ZN7Encoder14setVelMeasuredEii)
    __ARM_common_switch8                     0x00000d83   Thumb Code    28  main.o(i.__ARM_common_switch8)
    main                                     0x00000da1   Thumb Code  1438  main.o(i.main)
    __aeabi_fadd                             0x0000136d   Thumb Code     0  faddsub.o(x$fpl$fadd)
    _fadd                                    0x0000136d   Thumb Code   134  faddsub.o(x$fpl$fadd)
    __aeabi_cfcmpeq                          0x000013f9   Thumb Code     0  feqf.o(x$fpl$feqf)
    _fcmpeq                                  0x000013f9   Thumb Code    78  feqf.o(x$fpl$feqf)
    __aeabi_cfcmple                          0x0000144d   Thumb Code     0  flef.o(x$fpl$fleqf)
    _fcmple                                  0x0000144d   Thumb Code    78  flef.o(x$fpl$fleqf)
    __aeabi_fmul                             0x000014a1   Thumb Code     0  fmul.o(x$fpl$fmul)
    _fmul                                    0x000014a1   Thumb Code   172  fmul.o(x$fpl$fmul)
    __aeabi_cfrcmple                         0x00001551   Thumb Code     0  frlef.o(x$fpl$frleqf)
    _frcmple                                 0x00001551   Thumb Code    84  frlef.o(x$fpl$frleqf)
    __aeabi_frsub                            0x000015a9   Thumb Code     0  faddsub.o(x$fpl$frsb)
    _frsb                                    0x000015a9   Thumb Code    24  faddsub.o(x$fpl$frsb)
    __aeabi_fsub                             0x000015c1   Thumb Code     0  faddsub.o(x$fpl$fsub)
    _fsub                                    0x000015c1   Thumb Code   204  faddsub.o(x$fpl$fsub)
    Region$$Table$$Base                      0x000016d0   Number         0  anon$$obj.o(Region$$Table)
    Region$$Table$$Limit                     0x000016f0   Number         0  anon$$obj.o(Region$$Table)
    countMS                                  0x1ffff000   Data           4  main.o(.data)
    now                                      0x1ffff004   Data           4  main.o(.data)
    lastCount                                0x1ffff008   Data           4  main.o(.data)
    lastCount2                               0x1ffff00c   Data           4  main.o(.data)
    pulsos                                   0x1ffff010   Data           4  main.o(.data)
    state                                    0x1ffff014   Data           4  main.o(.data)
    change                                   0x1ffff018   Data           4  main.o(.data)
    vel                                      0x1ffff01c   Data           4  main.o(.data)
    SP                                       0x1ffff020   Data           4  main.o(.data)
    P                                        0x1ffff024   Data           4  main.o(.data)
    I                                        0x1ffff028   Data           4  main.o(.data)
    D                                        0x1ffff02c   Data           4  main.o(.data)
    PID                                      0x1ffff030   Data           4  main.o(.data)
    kp                                       0x1ffff034   Data           4  main.o(.data)
    ki                                       0x1ffff038   Data           4  main.o(.data)
    kd                                       0x1ffff03c   Data           4  main.o(.data)
    lastVel                                  0x1ffff040   Data           4  main.o(.data)
    tempo                                    0x1ffff044   Data           4  main.o(.data)
    erro                                     0x1ffff048   Data           4  main.o(.data)
    deltaTime                                0x1ffff04c   Data           4  main.o(.data)
    testSet                                  0x1ffff050   Data           4  main.o(.data)
    testsentido                              0x1ffff054   Data           4  main.o(.data)
    clockUART                                0x1ffff058   Data           4  main.o(.data)
    msgLength                                0x1ffff05c   Data           4  main.o(.data)
    msgPointer                               0x1ffff060   Data           4  main.o(.data)
    SystemCoreClock                          0x1ffff070   Data           4  system_mkl25z4.o(.data)
    msg                                      0x1ffff074   Data         100  main.o(.bss)
    __libspace_start                         0x1ffff0d8   Data          96  libspace.o(.bss)
    __temporary_stack_top$libspace           0x1ffff138   Data           0  libspace.o(.bss)



==============================================================================

Memory Map of the image

  Image Entry point : 0x00000165

  Load Region LR_1 (Base: 0x00000000, Size: 0x00001764, Max: 0xffffffff, ABSOLUTE)

    Execution Region ER_RO (Exec base: 0x00000000, Load base: 0x00000000, Size: 0x000016f0, Max: 0xffffffff, ABSOLUTE)

    Exec Addr    Load Addr    Size         Type   Attr      Idx    E Section Name        Object

    0x00000000   0x00000000   0x000000c0   Data   RO          354    RESET               startup_mkl25z4.o
    0x000000c0   0x000000c0   0x00000008   Code   RO          425  * !!!main             c_p.l(__main.o)
    0x000000c8   0x000000c8   0x0000003c   Code   RO          626    !!!scatter          c_p.l(__scatter.o)
    0x00000104   0x00000104   0x0000001a   Code   RO          628    !!handler_copy      c_p.l(__scatter_copy.o)
    0x0000011e   0x0000011e   0x00000002   PAD
    0x00000120   0x00000120   0x0000001c   Code   RO          630    !!handler_zi        c_p.l(__scatter_zi.o)
    0x0000013c   0x0000013c   0x00000002   Code   RO          493    .ARM.Collect$$libinit$$00000000  c_p.l(libinit.o)
    0x0000013e   0x0000013e   0x00000000   Code   RO          509    .ARM.Collect$$libinit$$00000002  c_p.l(libinit2.o)
    0x0000013e   0x0000013e   0x00000000   Code   RO          511    .ARM.Collect$$libinit$$00000004  c_p.l(libinit2.o)
    0x0000013e   0x0000013e   0x00000000   Code   RO          514    .ARM.Collect$$libinit$$0000000A  c_p.l(libinit2.o)
    0x0000013e   0x0000013e   0x00000000   Code   RO          516    .ARM.Collect$$libinit$$0000000C  c_p.l(libinit2.o)
    0x0000013e   0x0000013e   0x00000000   Code   RO          518    .ARM.Collect$$libinit$$0000000E  c_p.l(libinit2.o)
    0x0000013e   0x0000013e   0x00000000   Code   RO          521    .ARM.Collect$$libinit$$00000011  c_p.l(libinit2.o)
    0x0000013e   0x0000013e   0x00000000   Code   RO          523    .ARM.Collect$$libinit$$00000013  c_p.l(libinit2.o)
    0x0000013e   0x0000013e   0x00000000   Code   RO          525    .ARM.Collect$$libinit$$00000015  c_p.l(libinit2.o)
    0x0000013e   0x0000013e   0x00000000   Code   RO          527    .ARM.Collect$$libinit$$00000017  c_p.l(libinit2.o)
    0x0000013e   0x0000013e   0x00000000   Code   RO          529    .ARM.Collect$$libinit$$00000019  c_p.l(libinit2.o)
    0x0000013e   0x0000013e   0x00000000   Code   RO          531    .ARM.Collect$$libinit$$0000001B  c_p.l(libinit2.o)
    0x0000013e   0x0000013e   0x00000000   Code   RO          533    .ARM.Collect$$libinit$$0000001D  c_p.l(libinit2.o)
    0x0000013e   0x0000013e   0x00000000   Code   RO          535    .ARM.Collect$$libinit$$0000001F  c_p.l(libinit2.o)
    0x0000013e   0x0000013e   0x00000000   Code   RO          537    .ARM.Collect$$libinit$$00000021  c_p.l(libinit2.o)
    0x0000013e   0x0000013e   0x00000000   Code   RO          539    .ARM.Collect$$libinit$$00000023  c_p.l(libinit2.o)
    0x0000013e   0x0000013e   0x00000000   Code   RO          541    .ARM.Collect$$libinit$$00000025  c_p.l(libinit2.o)
    0x0000013e   0x0000013e   0x00000000   Code   RO          545    .ARM.Collect$$libinit$$0000002C  c_p.l(libinit2.o)
    0x0000013e   0x0000013e   0x00000000   Code   RO          547    .ARM.Collect$$libinit$$0000002E  c_p.l(libinit2.o)
    0x0000013e   0x0000013e   0x00000000   Code   RO          549    .ARM.Collect$$libinit$$00000030  c_p.l(libinit2.o)
    0x0000013e   0x0000013e   0x00000000   Code   RO          551    .ARM.Collect$$libinit$$00000032  c_p.l(libinit2.o)
    0x0000013e   0x0000013e   0x00000002   Code   RO          552    .ARM.Collect$$libinit$$00000033  c_p.l(libinit2.o)
    0x00000140   0x00000140   0x00000002   Code   RO          583    .ARM.Collect$$libshutdown$$00000000  c_p.l(libshutdown.o)
    0x00000142   0x00000142   0x00000000   Code   RO          609    .ARM.Collect$$libshutdown$$00000002  c_p.l(libshutdown2.o)
    0x00000142   0x00000142   0x00000000   Code   RO          611    .ARM.Collect$$libshutdown$$00000004  c_p.l(libshutdown2.o)
    0x00000142   0x00000142   0x00000000   Code   RO          614    .ARM.Collect$$libshutdown$$00000007  c_p.l(libshutdown2.o)
    0x00000142   0x00000142   0x00000000   Code   RO          617    .ARM.Collect$$libshutdown$$0000000A  c_p.l(libshutdown2.o)
    0x00000142   0x00000142   0x00000000   Code   RO          619    .ARM.Collect$$libshutdown$$0000000C  c_p.l(libshutdown2.o)
    0x00000142   0x00000142   0x00000000   Code   RO          622    .ARM.Collect$$libshutdown$$0000000F  c_p.l(libshutdown2.o)
    0x00000142   0x00000142   0x00000002   Code   RO          623    .ARM.Collect$$libshutdown$$00000010  c_p.l(libshutdown2.o)
    0x00000144   0x00000144   0x00000000   Code   RO          450    .ARM.Collect$$rtentry$$00000000  c_p.l(__rtentry.o)
    0x00000144   0x00000144   0x00000000   Code   RO          459    .ARM.Collect$$rtentry$$00000002  c_p.l(__rtentry2.o)
    0x00000144   0x00000144   0x00000006   Code   RO          471    .ARM.Collect$$rtentry$$00000004  c_p.l(__rtentry4.o)
    0x0000014a   0x0000014a   0x00000000   Code   RO          461    .ARM.Collect$$rtentry$$00000009  c_p.l(__rtentry2.o)
    0x0000014a   0x0000014a   0x00000004   Code   RO          462    .ARM.Collect$$rtentry$$0000000A  c_p.l(__rtentry2.o)
    0x0000014e   0x0000014e   0x00000000   Code   RO          464    .ARM.Collect$$rtentry$$0000000C  c_p.l(__rtentry2.o)
    0x0000014e   0x0000014e   0x00000008   Code   RO          465    .ARM.Collect$$rtentry$$0000000D  c_p.l(__rtentry2.o)
    0x00000156   0x00000156   0x00000002   Code   RO          500    .ARM.Collect$$rtexit$$00000000  c_p.l(rtexit.o)
    0x00000158   0x00000158   0x00000000   Code   RO          556    .ARM.Collect$$rtexit$$00000002  c_p.l(rtexit2.o)
    0x00000158   0x00000158   0x00000004   Code   RO          557    .ARM.Collect$$rtexit$$00000003  c_p.l(rtexit2.o)
    0x0000015c   0x0000015c   0x00000006   Code   RO          558    .ARM.Collect$$rtexit$$00000004  c_p.l(rtexit2.o)
    0x00000162   0x00000162   0x00000002   PAD
    0x00000164   0x00000164   0x00000040   Code   RO          356  * .text               startup_mkl25z4.o
    0x000001a4   0x000001a4   0x00000044   Code   RO          415    .text               c_p.l(strlen.o)
    0x000001e8   0x000001e8   0x00000018   Code   RO          417    .text               c_p.l(strcat.o)
    0x00000200   0x00000200   0x0000015a   Code   RO          419    .text               c_p.l(aeabi_sdiv.o)
    0x0000035a   0x0000035a   0x00000006   Code   RO          423    .text               c_p.l(heapauxi.o)
    0x00000360   0x00000360   0x0000004c   Code   RO          438    .text               fz_ps.l(ffixi.o)
    0x000003ac   0x000003ac   0x00000030   Code   RO          440    .text               fz_ps.l(ffixui.o)
    0x000003dc   0x000003dc   0x00000010   Code   RO          477    .text               fz_ps.l(fnan2.o)
    0x000003ec   0x000003ec   0x00000010   Code   RO          482    .text               c_p.l(exit.o)
    0x000003fc   0x000003fc   0x00000002   Code   RO          572    .text               c_p.l(use_no_semi.o)
    0x000003fe   0x000003fe   0x00000000   Code   RO          574    .text               c_p.l(indicate_semi.o)
    0x000003fe   0x000003fe   0x00000000   Code   RO          457    x$fpl$usenofp       fz_ps.l(usenofp.o)
    0x000003fe   0x000003fe   0x00000002   PAD
    0x00000400   0x00000400   0x00000010   Code   RO          355    .ARM.__at_0x400     startup_mkl25z4.o
    0x00000410   0x00000410   0x00000160   Code   RO          433    .text               fz_ps.l(fdiv.o)
    0x00000570   0x00000570   0x0000005e   Code   RO          442    .text               fz_ps.l(fflti.o)
    0x000005ce   0x000005ce   0x00000002   PAD
    0x000005d0   0x000005d0   0x00000064   Code   RO          455    .text               fz_ps.l(fcmpin.o)
    0x00000634   0x00000634   0x0000002e   Code   RO          475    .text               fz_ps.l(cmpret.o)
    0x00000662   0x00000662   0x0000003e   Code   RO          479    .text               c_p.l(sys_stackheap_outer.o)
    0x000006a0   0x000006a0   0x0000005e   Code   RO          494    .text               fz_ps.l(retnan.o)
    0x000006fe   0x000006fe   0x00000002   PAD
    0x00000700   0x00000700   0x00000008   Code   RO          496    .text               c_p.l(libspace.o)
    0x00000708   0x00000708   0x0000000c   Code   RO          553    .text               c_p.l(sys_exit.o)
    0x00000714   0x00000714   0x00000058   Code   RO            3    i.PORTA_IRQHandler  main.o
    0x0000076c   0x0000076c   0x00000030   Code   RO            4    i.PORTD_IRQHandler  main.o
    0x0000079c   0x0000079c   0x00000010   Code   RO            5    i.SysTick_Handler   main.o
    0x000007ac   0x000007ac   0x00000190   Code   RO          364    i.SystemCoreClockUpdate  system_mkl25z4.o
    0x0000093c   0x0000093c   0x0000000c   Code   RO          365    i.SystemInit        system_mkl25z4.o
    0x00000948   0x00000948   0x00000070   Code   RO            6    i.UART0_IRQHandler  main.o
    0x000009b8   0x000009b8   0x00000100   Code   RO            7    i._Z14uartSendStringiii  main.o
    0x00000ab8   0x00000ab8   0x00000018   Code   RO            8    i._Z16__NVIC_EnableIRQ4IRQn  main.o
    0x00000ad0   0x00000ad0   0x00000078   Code   RO            9    i._Z18__NVIC_SetPriority4IRQnj  main.o
    0x00000b48   0x00000b48   0x000000ec   Code   RO           10    i._Z8uartInitv      main.o
    0x00000c34   0x00000c34   0x00000006   Code   RO           89    i._ZN13Potentiometer11getSetpointEv  main.o
    0x00000c3a   0x00000c3a   0x00000002   PAD
    0x00000c3c   0x00000c3c   0x00000018   Code   RO          107    i._ZN13Potentiometer11setSetpointEv  main.o
    0x00000c54   0x00000c54   0x00000014   Code   RO          101    i._ZN5Motor10brakeMotorEv  main.o
    0x00000c68   0x00000c68   0x00000028   Code   RO           77    i._ZN5Motor10setSentidoEi  main.o
    0x00000c90   0x00000c90   0x000000cc   Code   RO          113    i._ZN5Motor9motorInitEv  main.o
    0x00000d5c   0x00000d5c   0x00000006   Code   RO           95    i._ZN7Encoder14getVelMeasuredEv  main.o
    0x00000d62   0x00000d62   0x00000020   Code   RO           83    i._ZN7Encoder14setVelMeasuredEii  main.o
    0x00000d82   0x00000d82   0x0000001c   Code   RO          119    i.__ARM_common_switch8  main.o
    0x00000d9e   0x00000d9e   0x00000002   PAD
    0x00000da0   0x00000da0   0x000005cc   Code   RO           11    i.main              main.o
    0x0000136c   0x0000136c   0x0000008c   Code   RO          427    x$fpl$fadd          fz_ps.l(faddsub.o)
    0x000013f8   0x000013f8   0x00000054   Code   RO          436    x$fpl$feqf          fz_ps.l(feqf.o)
    0x0000144c   0x0000144c   0x00000054   Code   RO          444    x$fpl$fleqf         fz_ps.l(flef.o)
    0x000014a0   0x000014a0   0x000000b0   Code   RO          446    x$fpl$fmul          fz_ps.l(fmul.o)
    0x00001550   0x00001550   0x00000058   Code   RO          448    x$fpl$frleqf        fz_ps.l(frlef.o)
    0x000015a8   0x000015a8   0x00000018   Code   RO          428    x$fpl$frsb          fz_ps.l(faddsub.o)
    0x000015c0   0x000015c0   0x000000d0   Code   RO          429    x$fpl$fsub          fz_ps.l(faddsub.o)
    0x00001690   0x00001690   0x00000040   Data   RO          434    .constdata          fz_ps.l(fdiv.o)
    0x000016d0   0x000016d0   0x00000020   Data   RO          624    Region$$Table       anon$$obj.o


    Execution Region ER_RW (Exec base: 0x1ffff000, Load base: 0x000016f0, Size: 0x00000074, Max: 0xffffffff, ABSOLUTE)

    Exec Addr    Load Addr    Size         Type   Attr      Idx    E Section Name        Object

    0x1ffff000   0x000016f0   0x00000070   Data   RW           22    .data               main.o
    0x1ffff070   0x00001760   0x00000004   Data   RW          366    .data               system_mkl25z4.o


    Execution Region ER_ZI (Exec base: 0x1ffff074, Load base: 0x00001764, Size: 0x000001c4, Max: 0xffffffff, ABSOLUTE)

    Exec Addr    Load Addr    Size         Type   Attr      Idx    E Section Name        Object

    0x1ffff074        -       0x00000064   Zero   RW           21    .bss                main.o
    0x1ffff0d8        -       0x00000060   Zero   RW          497    .bss                c_p.l(libspace.o)
    0x1ffff138        -       0x00000000   Zero   RW          353    HEAP                startup_mkl25z4.o
    0x1ffff138        -       0x00000100   Zero   RW          352    STACK               startup_mkl25z4.o


==============================================================================

Image component sizes


      Code (inc. data)   RO Data    RW Data    ZI Data      Debug   Object Name

      2744        336          0        112        100     239416   main.o
        80         44        192          0        256        948   startup_mkl25z4.o
       412         42          0          4          0       6111   system_mkl25z4.o

    ----------------------------------------------------------------------
      3240        422        224        116        356     246475   Object Totals
         0          0         32          0          0          0   (incl. Generated)
         4          0          0          0          0          0   (incl. Padding)

    ----------------------------------------------------------------------

      Code (inc. data)   RO Data    RW Data    ZI Data      Debug   Library Member Name

         8          0          0          0          0         68   __main.o
         0          0          0          0          0          0   __rtentry.o
        12          0          0          0          0          0   __rtentry2.o
         6          0          0          0          0          0   __rtentry4.o
        60          8          0          0          0          0   __scatter.o
        26          0          0          0          0          0   __scatter_copy.o
        28          0          0          0          0          0   __scatter_zi.o
       346          0          0          0          0         92   aeabi_sdiv.o
        16          0          0          0          0         68   exit.o
         6          0          0          0          0        136   heapauxi.o
         0          0          0          0          0          0   indicate_semi.o
         2          0          0          0          0          0   libinit.o
         2          0          0          0          0          0   libinit2.o
         2          0          0          0          0          0   libshutdown.o
         2          0          0          0          0          0   libshutdown2.o
         8          4          0          0         96         68   libspace.o
         2          0          0          0          0          0   rtexit.o
        10          0          0          0          0          0   rtexit2.o
        24          0          0          0          0         60   strcat.o
        68          6          0          0          0         72   strlen.o
        12          4          0          0          0         60   sys_exit.o
        62          0          0          0          0         80   sys_stackheap_outer.o
         2          0          0          0          0         68   use_no_semi.o
        46          0          0          0          0         60   cmpret.o
       372          8          0          0          0        240   faddsub.o
       100          4          0          0          0         68   fcmpin.o
       352         10         64          0          0         92   fdiv.o
        84          4          0          0          0         76   feqf.o
        76          0          0          0          0         68   ffixi.o
        48          0          0          0          0         60   ffixui.o
        94          0          0          0          0         92   fflti.o
        84          4          0          0          0         76   flef.o
       176          4          0          0          0         80   fmul.o
        16          6          0          0          0         68   fnan2.o
        88          4          0          0          0         76   frlef.o
        94          0          0          0          0         68   retnan.o
         0          0          0          0          0          0   usenofp.o

    ----------------------------------------------------------------------
      2344         66         64          0         96       1896   Library Totals
        10          0          0          0          0          0   (incl. Padding)

    ----------------------------------------------------------------------

      Code (inc. data)   RO Data    RW Data    ZI Data      Debug   Library Name

       704         22          0          0         96        772   c_p.l
      1630         44         64          0          0       1124   fz_ps.l

    ----------------------------------------------------------------------
      2344         66         64          0         96       1896   Library Totals

    ----------------------------------------------------------------------

==============================================================================


      Code (inc. data)   RO Data    RW Data    ZI Data      Debug   

      5584        488        288        116        452     246675   Grand Totals
      5584        488        288        116        452     246675   ELF Image Totals
      5584        488        288        116          0          0   ROM Totals

==============================================================================

    Total RO  Size (Code + RO Data)                 5872 (   5.73kB)
    Total RW  Size (RW Data + ZI Data)               568 (   0.55kB)
    Total ROM Size (Code + RO Data + RW Data)       5988 (   5.85kB)

==============================================================================

